[22-Oct-2025 06:57:31 Europe/Berlin] PHP Notice:  session_start(): Ignoring session_start() because a session is already active in C:\xampp\htdocs\FINANCIALs\crud\legder\details.php on line 20
[22-Oct-2025 06:57:44 Europe/Berlin] PHP Notice:  session_start(): Ignoring session_start() because a session is already active in C:\xampp\htdocs\FINANCIALs\crud\legder\details.php on line 20
[22-Oct-2025 06:58:02 Europe/Berlin] PHP Notice:  session_start(): Ignoring session_start() because a session is already active in C:\xampp\htdocs\FINANCIALs\crud\legder\details.php on line 20
[22-Oct-2025 06:58:04 Europe/Berlin] PHP Notice:  session_start(): Ignoring session_start() because a session is already active in C:\xampp\htdocs\FINANCIALs\crud\legder\details.php on line 20
[22-Oct-2025 06:58:07 Europe/Berlin] PHP Notice:  session_start(): Ignoring session_start() because a session is already active in C:\xampp\htdocs\FINANCIALs\crud\legder\details.php on line 20
[22-Oct-2025 06:58:13 Europe/Berlin] PHP Notice:  session_start(): Ignoring session_start() because a session is already active in C:\xampp\htdocs\FINANCIALs\crud\legder\details.php on line 20
[22-Oct-2025 06:58:13 Europe/Berlin] PHP Notice:  session_start(): Ignoring session_start() because a session is already active in C:\xampp\htdocs\FINANCIALs\crud\legder\details.php on line 20
[22-Oct-2025 06:58:14 Europe/Berlin] PHP Notice:  session_start(): Ignoring session_start() because a session is already active in C:\xampp\htdocs\FINANCIALs\crud\legder\details.php on line 20
[22-Oct-2025 06:58:19 Europe/Berlin] PHP Notice:  session_start(): Ignoring session_start() because a session is already active in C:\xampp\htdocs\FINANCIALs\crud\legder\details.php on line 20
[22-Oct-2025 06:58:19 Europe/Berlin] PHP Notice:  session_start(): Ignoring session_start() because a session is already active in C:\xampp\htdocs\FINANCIALs\crud\legder\details.php on line 20
[22-Oct-2025 06:58:33 Europe/Berlin] PHP Notice:  session_start(): Ignoring session_start() because a session is already active in C:\xampp\htdocs\FINANCIALs\crud\legder\details.php on line 20
[22-Oct-2025 07:02:40 Europe/Berlin] PHP Notice:  session_start(): Ignoring session_start() because a session is already active in C:\xampp\htdocs\FINANCIALs\crud\legder\details.php on line 20
[22-Oct-2025 07:02:52 Europe/Berlin] PHP Notice:  session_start(): Ignoring session_start() because a session is already active in C:\xampp\htdocs\FINANCIALs\crud\legder\details.php on line 20
[22-Oct-2025 07:02:52 Europe/Berlin] PHP Notice:  session_start(): Ignoring session_start() because a session is already active in C:\xampp\htdocs\FINANCIALs\crud\legder\details.php on line 20
[22-Oct-2025 07:03:48 Europe/Berlin] PHP Notice:  session_start(): Ignoring session_start() because a session is already active in C:\xampp\htdocs\FINANCIALs\crud\legder\details.php on line 20
[22-Oct-2025 07:03:54 Europe/Berlin] PHP Notice:  session_start(): Ignoring session_start() because a session is already active in C:\xampp\htdocs\FINANCIALs\crud\legder\details.php on line 20
[22-Oct-2025 07:03:54 Europe/Berlin] PHP Notice:  session_start(): Ignoring session_start() because a session is already active in C:\xampp\htdocs\FINANCIALs\crud\legder\details.php on line 20
[22-Oct-2025 07:03:57 Europe/Berlin] PHP Notice:  session_start(): Ignoring session_start() because a session is already active in C:\xampp\htdocs\FINANCIALs\crud\legder\details.php on line 20
[22-Oct-2025 07:03:58 Europe/Berlin] PHP Notice:  session_start(): Ignoring session_start() because a session is already active in C:\xampp\htdocs\FINANCIALs\crud\legder\details.php on line 20
[22-Oct-2025 07:03:59 Europe/Berlin] PHP Notice:  session_start(): Ignoring session_start() because a session is already active in C:\xampp\htdocs\FINANCIALs\crud\legder\details.php on line 20
[22-Oct-2025 07:09:14 Europe/Berlin] PHP Notice:  session_start(): Ignoring session_start() because a session is already active in C:\xampp\htdocs\FINANCIALs\crud\legder\details.php on line 20
[22-Oct-2025 07:09:15 Europe/Berlin] PHP Notice:  session_start(): Ignoring session_start() because a session is already active in C:\xampp\htdocs\FINANCIALs\crud\legder\details.php on line 20
[22-Oct-2025 07:14:24 Europe/Berlin] PHP Notice:  session_start(): Ignoring session_start() because a session is already active in C:\xampp\htdocs\FINANCIALs\crud\legder\details.php on line 20
[22-Oct-2025 07:15:55 Europe/Berlin] PHP Notice:  session_start(): Ignoring session_start() because a session is already active in C:\xampp\htdocs\FINANCIALs\crud\legder\details.php on line 20
[22-Oct-2025 07:15:57 Europe/Berlin] PHP Notice:  session_start(): Ignoring session_start() because a session is already active in C:\xampp\htdocs\FINANCIALs\crud\legder\details.php on line 20
[22-Oct-2025 07:16:49 Europe/Berlin] PHP Notice:  session_start(): Ignoring session_start() because a session is already active in C:\xampp\htdocs\FINANCIALs\crud\legder\details.php on line 20
[22-Oct-2025 07:16:51 Europe/Berlin] PHP Notice:  session_start(): Ignoring session_start() because a session is already active in C:\xampp\htdocs\FINANCIALs\crud\legder\details.php on line 20
[22-Oct-2025 07:16:57 Europe/Berlin] PHP Notice:  session_start(): Ignoring session_start() because a session is already active in C:\xampp\htdocs\FINANCIALs\crud\legder\details.php on line 20
[22-Oct-2025 07:16:57 Europe/Berlin] PHP Notice:  session_start(): Ignoring session_start() because a session is already active in C:\xampp\htdocs\FINANCIALs\crud\legder\details.php on line 20
[22-Oct-2025 07:16:59 Europe/Berlin] PHP Notice:  session_start(): Ignoring session_start() because a session is already active in C:\xampp\htdocs\FINANCIALs\crud\legder\details.php on line 20
[22-Oct-2025 07:17:05 Europe/Berlin] PHP Notice:  session_start(): Ignoring session_start() because a session is already active in C:\xampp\htdocs\FINANCIALs\crud\legder\details.php on line 20
[22-Oct-2025 07:22:16 Europe/Berlin] PHP Notice:  session_start(): Ignoring session_start() because a session is already active in C:\xampp\htdocs\FINANCIALs\crud\legder\details.php on line 20
[22-Oct-2025 07:22:18 Europe/Berlin] PHP Notice:  session_start(): Ignoring session_start() because a session is already active in C:\xampp\htdocs\FINANCIALs\crud\legder\details.php on line 20
[22-Oct-2025 07:22:18 Europe/Berlin] Received POST data (raw): journalID=30&actionType=archive&action=archive
[22-Oct-2025 07:22:18 Europe/Berlin] Parsed POST data: Array
(
    [journalID] => 30
    [actionType] => archive
    [action] => archive
)

[22-Oct-2025 07:22:18 Europe/Berlin] Received POST data (raw): journalID=30&actionType=archive&action=archive
[22-Oct-2025 07:22:18 Europe/Berlin] Parsed POST data: Array
(
    [journalID] => 30
    [actionType] => archive
    [action] => archive
)

[22-Oct-2025 07:22:18 Europe/Berlin] PHP Notice:  session_start(): Ignoring session_start() because a session is already active in C:\xampp\htdocs\FINANCIALs\crud\legder\details.php on line 20
[22-Oct-2025 07:22:26 Europe/Berlin] PHP Notice:  session_start(): Ignoring session_start() because a session is already active in C:\xampp\htdocs\FINANCIALs\crud\legder\details.php on line 20
[22-Oct-2025 07:22:30 Europe/Berlin] PHP Notice:  session_start(): Ignoring session_start() because a session is already active in C:\xampp\htdocs\FINANCIALs\crud\legder\details.php on line 20
[22-Oct-2025 07:22:30 Europe/Berlin] Received POST data (raw): journalID=25&actionType=archive&action=archive
[22-Oct-2025 07:22:30 Europe/Berlin] Parsed POST data: Array
(
    [journalID] => 25
    [actionType] => archive
    [action] => archive
)

[22-Oct-2025 07:22:30 Europe/Berlin] Received POST data (raw): journalID=25&actionType=archive&action=archive
[22-Oct-2025 07:22:30 Europe/Berlin] Parsed POST data: Array
(
    [journalID] => 25
    [actionType] => archive
    [action] => archive
)

[22-Oct-2025 07:22:30 Europe/Berlin] PHP Notice:  session_start(): Ignoring session_start() because a session is already active in C:\xampp\htdocs\FINANCIALs\crud\legder\details.php on line 20
[22-Oct-2025 07:22:34 Europe/Berlin] PHP Notice:  session_start(): Ignoring session_start() because a session is already active in C:\xampp\htdocs\FINANCIALs\crud\legder\details.php on line 20
[22-Oct-2025 07:22:35 Europe/Berlin] PHP Notice:  session_start(): Ignoring session_start() because a session is already active in C:\xampp\htdocs\FINANCIALs\crud\legder\details.php on line 20
[22-Oct-2025 07:32:12 Europe/Berlin] PHP Notice:  session_start(): Ignoring session_start() because a session is already active in C:\xampp\htdocs\FINANCIALs\crud\legder\details.php on line 20
[22-Oct-2025 07:32:14 Europe/Berlin] PHP Notice:  session_start(): Ignoring session_start() because a session is already active in C:\xampp\htdocs\FINANCIALs\crud\legder\details.php on line 20
[22-Oct-2025 07:32:14 Europe/Berlin] Received POST data (raw): journalID=23&actionType=archive&action=archive
[22-Oct-2025 07:32:14 Europe/Berlin] Parsed POST data: Array
(
    [journalID] => 23
    [actionType] => archive
    [action] => archive
)

[22-Oct-2025 07:32:14 Europe/Berlin] Received POST data (raw): journalID=23&actionType=archive&action=archive
[22-Oct-2025 07:32:14 Europe/Berlin] Parsed POST data: Array
(
    [journalID] => 23
    [actionType] => archive
    [action] => archive
)

[22-Oct-2025 07:32:14 Europe/Berlin] PHP Notice:  session_start(): Ignoring session_start() because a session is already active in C:\xampp\htdocs\FINANCIALs\crud\legder\details.php on line 20
[22-Oct-2025 07:32:18 Europe/Berlin] PHP Notice:  session_start(): Ignoring session_start() because a session is already active in C:\xampp\htdocs\FINANCIALs\crud\legder\details.php on line 20
[22-Oct-2025 07:32:24 Europe/Berlin] PHP Notice:  session_start(): Ignoring session_start() because a session is already active in C:\xampp\htdocs\FINANCIALs\crud\legder\details.php on line 20
[22-Oct-2025 07:32:24 Europe/Berlin] Received POST data (raw): journalID=21&postedBy=webuser&action=post
[22-Oct-2025 07:32:24 Europe/Berlin] Parsed POST data: Array
(
    [journalID] => 21
    [postedBy] => webuser
    [action] => post
)

[22-Oct-2025 07:32:24 Europe/Berlin] PHP Notice:  session_start(): Ignoring session_start() because a session is already active in C:\xampp\htdocs\FINANCIALs\crud\legder\details.php on line 20
[22-Oct-2025 07:32:41 Europe/Berlin] PHP Notice:  session_start(): Ignoring session_start() because a session is already active in C:\xampp\htdocs\FINANCIALs\crud\legder\details.php on line 20
[22-Oct-2025 07:32:41 Europe/Berlin] Received POST data (raw): {"date":"2025-10-22","description":"fasfa","referenceType":"fasfa","createdBy":"webuser","details":[{"accountID":"10","debit":"3","credit":0},{"accountID":"8","debit":0,"credit":"3"}],"journalID":"21","action":"add"}
[22-Oct-2025 07:32:41 Europe/Berlin] Parsed POST data: Array
(
    [{"date":"2025-10-22","description":"fasfa","referenceType":"fasfa","createdBy":"webuser","details":] => Array
        (
            [{"accountID":"10","debit":"3","credit":0},{"accountID":"8","debit":0,"credit":"3"}] => 
        )

)

[22-Oct-2025 07:32:42 Europe/Berlin] PHP Notice:  session_start(): Ignoring session_start() because a session is already active in C:\xampp\htdocs\FINANCIALs\crud\legder\details.php on line 20
[22-Oct-2025 07:32:42 Europe/Berlin] Received POST data (raw): {"date":"2025-10-22","description":"fasfa","referenceType":"fasfa","createdBy":"webuser","details":[{"accountID":"10","debit":"3","credit":0},{"accountID":"8","debit":0,"credit":"3"}],"journalID":"21","action":"add"}
[22-Oct-2025 07:32:42 Europe/Berlin] Parsed POST data: Array
(
    [{"date":"2025-10-22","description":"fasfa","referenceType":"fasfa","createdBy":"webuser","details":] => Array
        (
            [{"accountID":"10","debit":"3","credit":0},{"accountID":"8","debit":0,"credit":"3"}] => 
        )

)

[22-Oct-2025 07:32:42 Europe/Berlin] PHP Notice:  session_start(): Ignoring session_start() because a session is already active in C:\xampp\htdocs\FINANCIALs\crud\legder\details.php on line 20
[22-Oct-2025 07:32:42 Europe/Berlin] Received POST data (raw): {"date":"2025-10-22","description":"fasfa","referenceType":"fasfa","createdBy":"webuser","details":[{"accountID":"10","debit":"3","credit":0},{"accountID":"8","debit":0,"credit":"3"}],"journalID":"21","action":"add"}
[22-Oct-2025 07:32:42 Europe/Berlin] Parsed POST data: Array
(
    [{"date":"2025-10-22","description":"fasfa","referenceType":"fasfa","createdBy":"webuser","details":] => Array
        (
            [{"accountID":"10","debit":"3","credit":0},{"accountID":"8","debit":0,"credit":"3"}] => 
        )

)

[22-Oct-2025 07:32:43 Europe/Berlin] PHP Notice:  session_start(): Ignoring session_start() because a session is already active in C:\xampp\htdocs\FINANCIALs\crud\legder\details.php on line 20
[22-Oct-2025 07:32:43 Europe/Berlin] Received POST data (raw): {"date":"2025-10-22","description":"fasfa","referenceType":"fasfa","createdBy":"webuser","details":[{"accountID":"10","debit":"3","credit":0},{"accountID":"8","debit":0,"credit":"3"}],"journalID":"21","action":"add"}
[22-Oct-2025 07:32:43 Europe/Berlin] Parsed POST data: Array
(
    [{"date":"2025-10-22","description":"fasfa","referenceType":"fasfa","createdBy":"webuser","details":] => Array
        (
            [{"accountID":"10","debit":"3","credit":0},{"accountID":"8","debit":0,"credit":"3"}] => 
        )

)

[22-Oct-2025 07:32:43 Europe/Berlin] PHP Notice:  session_start(): Ignoring session_start() because a session is already active in C:\xampp\htdocs\FINANCIALs\crud\legder\details.php on line 20
[22-Oct-2025 07:32:43 Europe/Berlin] Received POST data (raw): {"date":"2025-10-22","description":"fasfa","referenceType":"fasfa","createdBy":"webuser","details":[{"accountID":"10","debit":"3","credit":0},{"accountID":"8","debit":0,"credit":"3"}],"journalID":"21","action":"add"}
[22-Oct-2025 07:32:43 Europe/Berlin] Parsed POST data: Array
(
    [{"date":"2025-10-22","description":"fasfa","referenceType":"fasfa","createdBy":"webuser","details":] => Array
        (
            [{"accountID":"10","debit":"3","credit":0},{"accountID":"8","debit":0,"credit":"3"}] => 
        )

)

[22-Oct-2025 07:32:54 Europe/Berlin] PHP Notice:  session_start(): Ignoring session_start() because a session is already active in C:\xampp\htdocs\FINANCIALs\crud\legder\details.php on line 20
[22-Oct-2025 07:33:06 Europe/Berlin] PHP Notice:  session_start(): Ignoring session_start() because a session is already active in C:\xampp\htdocs\FINANCIALs\crud\legder\details.php on line 20
[22-Oct-2025 07:33:06 Europe/Berlin] Received POST data (raw): {"date":"2025-10-22","description":"faf","referenceType":"dasfaf","createdBy":"webuser","details":[{"accountID":"6","debit":"2","credit":0},{"accountID":"8","debit":0,"credit":"2"}],"journalID":null,"action":"add"}
[22-Oct-2025 07:33:06 Europe/Berlin] Parsed POST data: Array
(
    [{"date":"2025-10-22","description":"faf","referenceType":"dasfaf","createdBy":"webuser","details":] => Array
        (
            [{"accountID":"6","debit":"2","credit":0},{"accountID":"8","debit":0,"credit":"2"}] => 
        )

)

[22-Oct-2025 07:33:17 Europe/Berlin] PHP Notice:  session_start(): Ignoring session_start() because a session is already active in C:\xampp\htdocs\FINANCIALs\crud\legder\details.php on line 20
[22-Oct-2025 07:33:26 Europe/Berlin] PHP Notice:  session_start(): Ignoring session_start() because a session is already active in C:\xampp\htdocs\FINANCIALs\crud\legder\details.php on line 20
[22-Oct-2025 07:33:39 Europe/Berlin] PHP Notice:  session_start(): Ignoring session_start() because a session is already active in C:\xampp\htdocs\FINANCIALs\crud\legder\details.php on line 20
[22-Oct-2025 07:33:39 Europe/Berlin] Received POST data (raw): {"date":"2025-10-22","description":"fsafaf","referenceType":"fasafa","createdBy":"webuser","details":[{"accountID":"10","debit":"1","credit":0},{"accountID":"8","debit":0,"credit":"1"}],"journalID":null,"action":"add"}
[22-Oct-2025 07:33:39 Europe/Berlin] Parsed POST data: Array
(
    [{"date":"2025-10-22","description":"fsafaf","referenceType":"fasafa","createdBy":"webuser","details":] => Array
        (
            [{"accountID":"10","debit":"1","credit":0},{"accountID":"8","debit":0,"credit":"1"}] => 
        )

)

[22-Oct-2025 07:33:51 Europe/Berlin] PHP Notice:  session_start(): Ignoring session_start() because a session is already active in C:\xampp\htdocs\FINANCIALs\crud\legder\details.php on line 20
[22-Oct-2025 07:34:05 Europe/Berlin] PHP Notice:  session_start(): Ignoring session_start() because a session is already active in C:\xampp\htdocs\FINANCIALs\crud\legder\details.php on line 20
[22-Oct-2025 07:34:05 Europe/Berlin] Received POST data (raw): {"date":"2025-10-22","description":"agag","referenceType":"gasga","createdBy":"webuser","details":[{"accountID":"8","debit":"1","credit":0},{"accountID":"10","debit":0,"credit":"1"}],"journalID":null,"action":"add"}
[22-Oct-2025 07:34:05 Europe/Berlin] Parsed POST data: Array
(
    [{"date":"2025-10-22","description":"agag","referenceType":"gasga","createdBy":"webuser","details":] => Array
        (
            [{"accountID":"8","debit":"1","credit":0},{"accountID":"10","debit":0,"credit":"1"}] => 
        )

)

[22-Oct-2025 07:34:45 Europe/Berlin] PHP Notice:  session_start(): Ignoring session_start() because a session is already active in C:\xampp\htdocs\FINANCIALs\crud\legder\details.php on line 20
[22-Oct-2025 07:34:46 Europe/Berlin] PHP Notice:  session_start(): Ignoring session_start() because a session is already active in C:\xampp\htdocs\FINANCIALs\crud\legder\details.php on line 20
[22-Oct-2025 07:34:56 Europe/Berlin] PHP Notice:  session_start(): Ignoring session_start() because a session is already active in C:\xampp\htdocs\FINANCIALs\crud\legder\details.php on line 20
[22-Oct-2025 07:34:56 Europe/Berlin] Received POST data (raw): {"date":"2025-10-22","description":"asf222","referenceType":"dwafa","createdBy":"webuser","details":[{"accountID":"22","debit":"1","credit":0},{"accountID":"8","debit":0,"credit":"1"}],"journalID":null,"action":"add"}
[22-Oct-2025 07:34:56 Europe/Berlin] Parsed POST data: Array
(
    [{"date":"2025-10-22","description":"asf222","referenceType":"dwafa","createdBy":"webuser","details":] => Array
        (
            [{"accountID":"22","debit":"1","credit":0},{"accountID":"8","debit":0,"credit":"1"}] => 
        )

)

[22-Oct-2025 07:52:32 Europe/Berlin] Received POST data (raw): journalID=21&actionType=archive&action=archive
[22-Oct-2025 07:52:32 Europe/Berlin] Parsed POST data: Array
(
    [journalID] => 21
    [actionType] => archive
    [action] => archive
)

[22-Oct-2025 07:54:30 Europe/Berlin] PHP Notice:  session_start(): Ignoring session_start() because a session is already active in C:\xampp\htdocs\FINANCIALs\crud\legder\details.php on line 20
[22-Oct-2025 07:54:32 Europe/Berlin] PHP Notice:  session_start(): Ignoring session_start() because a session is already active in C:\xampp\htdocs\FINANCIALs\crud\legder\details.php on line 20
[22-Oct-2025 07:54:32 Europe/Berlin] Received POST data (raw): journalID=24&actionType=archive&action=archive
[22-Oct-2025 07:54:32 Europe/Berlin] Parsed POST data: Array
(
    [journalID] => 24
    [actionType] => archive
    [action] => archive
)

[22-Oct-2025 07:54:32 Europe/Berlin] Received POST data (raw): journalID=24&actionType=archive&action=archive
[22-Oct-2025 07:54:32 Europe/Berlin] Parsed POST data: Array
(
    [journalID] => 24
    [actionType] => archive
    [action] => archive
)

[22-Oct-2025 07:54:32 Europe/Berlin] PHP Notice:  session_start(): Ignoring session_start() because a session is already active in C:\xampp\htdocs\FINANCIALs\crud\legder\details.php on line 20
[22-Oct-2025 07:54:52 Europe/Berlin] PHP Notice:  session_start(): Ignoring session_start() because a session is already active in C:\xampp\htdocs\FINANCIALs\crud\legder\details.php on line 20
[22-Oct-2025 07:54:52 Europe/Berlin] Received POST data (raw): {"date":"2025-10-22","description":"gagg","referenceType":"aaga","createdBy":"webuser","details":[{"accountID":"8","debit":"1","credit":0},{"accountID":"24","debit":0,"credit":"1"}],"journalID":"24","action":"add"}
[22-Oct-2025 07:54:52 Europe/Berlin] Parsed POST data: Array
(
    [{"date":"2025-10-22","description":"gagg","referenceType":"aaga","createdBy":"webuser","details":] => Array
        (
            [{"accountID":"8","debit":"1","credit":0},{"accountID":"24","debit":0,"credit":"1"}] => 
        )

)

[22-Oct-2025 08:00:46 Europe/Berlin] PHP Notice:  session_start(): Ignoring session_start() because a session is already active in C:\xampp\htdocs\FINANCIALs\crud\legder\details.php on line 20
[22-Oct-2025 08:00:54 Europe/Berlin] PHP Notice:  session_start(): Ignoring session_start() because a session is already active in C:\xampp\htdocs\FINANCIALs\crud\legder\details.php on line 20
[22-Oct-2025 08:00:54 Europe/Berlin] Received POST data (raw): {"date":"2025-10-22","description":"fafaf","referenceType":"fsafaf","createdBy":"webuser","details":[{"accountID":"24","debit":"1","credit":0},{"accountID":"8","debit":0,"credit":"1"}],"journalID":null,"action":"add"}
[22-Oct-2025 08:00:54 Europe/Berlin] Parsed POST data: Array
(
    [{"date":"2025-10-22","description":"fafaf","referenceType":"fsafaf","createdBy":"webuser","details":] => Array
        (
            [{"accountID":"24","debit":"1","credit":0},{"accountID":"8","debit":0,"credit":"1"}] => 
        )

)

[22-Oct-2025 08:10:22 Europe/Berlin] PHP Notice:  session_start(): Ignoring session_start() because a session is already active in C:\xampp\htdocs\FINANCIALs\crud\legder\details.php on line 20
[22-Oct-2025 08:10:26 Europe/Berlin] PHP Notice:  session_start(): Ignoring session_start() because a session is already active in C:\xampp\htdocs\FINANCIALs\crud\legder\details.php on line 20
[22-Oct-2025 08:10:26 Europe/Berlin] Received POST data (raw): journalID=21&actionType=archive&action=archive
[22-Oct-2025 08:10:26 Europe/Berlin] Content-Type: application/x-www-form-urlencoded
[22-Oct-2025 08:10:26 Europe/Berlin] Parsed action: archive
[22-Oct-2025 08:10:26 Europe/Berlin] Received POST data (raw): journalID=21&actionType=archive&action=archive
[22-Oct-2025 08:10:26 Europe/Berlin] Parsed POST data: Array
(
    [journalID] => 21
    [actionType] => archive
    [action] => archive
)

[22-Oct-2025 08:10:26 Europe/Berlin] PHP Notice:  session_start(): Ignoring session_start() because a session is already active in C:\xampp\htdocs\FINANCIALs\crud\legder\details.php on line 20
[22-Oct-2025 08:10:35 Europe/Berlin] PHP Notice:  session_start(): Ignoring session_start() because a session is already active in C:\xampp\htdocs\FINANCIALs\crud\legder\details.php on line 20
[22-Oct-2025 08:10:35 Europe/Berlin] Received POST data (raw): {"date":"2025-10-22","description":"agag","referenceType":"fafaf","createdBy":"webuser","details":[{"accountID":"10","debit":"1","credit":0},{"accountID":"24","debit":0,"credit":"1"}],"journalID":"21","action":"add"}
[22-Oct-2025 08:10:35 Europe/Berlin] Content-Type: application/json
[22-Oct-2025 08:10:35 Europe/Berlin] Parsed action: add
[22-Oct-2025 08:10:35 Europe/Berlin] PHP Notice:  session_start(): Ignoring session_start() because a session is already active in C:\xampp\htdocs\FINANCIALs\crud\legder\details.php on line 20
[22-Oct-2025 08:10:39 Europe/Berlin] PHP Notice:  session_start(): Ignoring session_start() because a session is already active in C:\xampp\htdocs\FINANCIALs\crud\legder\details.php on line 20
[22-Oct-2025 08:10:46 Europe/Berlin] PHP Notice:  session_start(): Ignoring session_start() because a session is already active in C:\xampp\htdocs\FINANCIALs\crud\legder\details.php on line 20
[22-Oct-2025 08:10:46 Europe/Berlin] PHP Notice:  session_start(): Ignoring session_start() because a session is already active in C:\xampp\htdocs\FINANCIALs\crud\legder\details.php on line 20
[22-Oct-2025 08:10:49 Europe/Berlin] PHP Notice:  session_start(): Ignoring session_start() because a session is already active in C:\xampp\htdocs\FINANCIALs\crud\legder\details.php on line 20
[22-Oct-2025 08:10:49 Europe/Berlin] Received POST data (raw): journalID=31&postedBy=webuser&action=post
[22-Oct-2025 08:10:49 Europe/Berlin] Content-Type: application/x-www-form-urlencoded
[22-Oct-2025 08:10:49 Europe/Berlin] Parsed action: post
[22-Oct-2025 08:10:49 Europe/Berlin] PHP Notice:  session_start(): Ignoring session_start() because a session is already active in C:\xampp\htdocs\FINANCIALs\crud\legder\details.php on line 20
[22-Oct-2025 08:10:52 Europe/Berlin] PHP Notice:  session_start(): Ignoring session_start() because a session is already active in C:\xampp\htdocs\FINANCIALs\crud\legder\details.php on line 20
[22-Oct-2025 08:11:03 Europe/Berlin] PHP Notice:  session_start(): Ignoring session_start() because a session is already active in C:\xampp\htdocs\FINANCIALs\crud\legder\details.php on line 20
[22-Oct-2025 08:14:35 Europe/Berlin] Received POST data (raw): journalID=20&postedBy=webuser&action=post
[22-Oct-2025 08:14:35 Europe/Berlin] Content-Type: application/x-www-form-urlencoded
[22-Oct-2025 08:14:35 Europe/Berlin] Parsed action: post
[22-Oct-2025 08:14:39 Europe/Berlin] Received POST data (raw): journalID=20&actionType=archive&action=archive
[22-Oct-2025 08:14:39 Europe/Berlin] Content-Type: application/x-www-form-urlencoded
[22-Oct-2025 08:14:39 Europe/Berlin] Parsed action: archive
[22-Oct-2025 08:14:39 Europe/Berlin] Received POST data (raw): journalID=20&actionType=archive&action=archive
[22-Oct-2025 08:14:39 Europe/Berlin] Parsed POST data: Array
(
    [journalID] => 20
    [actionType] => archive
    [action] => archive
)

[22-Oct-2025 08:14:51 Europe/Berlin] Received POST data (raw): {"date":"2025-10-22","description":"aggg","referenceType":"gaag","createdBy":"webuser","details":[{"accountID":"10","debit":"3","credit":0},{"accountID":"24","debit":0,"credit":"3"}],"journalID":"20","action":"add"}
[22-Oct-2025 08:14:51 Europe/Berlin] Content-Type: application/json
[22-Oct-2025 08:14:51 Europe/Berlin] Parsed action: add
[22-Oct-2025 08:16:26 Europe/Berlin] Received POST data (raw): {"date":"2025-10-22","description":"afafaf","referenceType":"fafsaf","details":[{"accountID":"10","debit":2,"credit":0},{"accountID":"10","debit":0,"credit":2}],"journalID":null,"action":"add"}
[22-Oct-2025 08:16:26 Europe/Berlin] Content-Type: application/json
[22-Oct-2025 08:16:26 Europe/Berlin] Parsed action: add
[22-Oct-2025 08:16:32 Europe/Berlin] Received POST data (raw): journalID=9&actionType=archive&action=archive
[22-Oct-2025 08:16:32 Europe/Berlin] Content-Type: application/x-www-form-urlencoded
[22-Oct-2025 08:16:32 Europe/Berlin] Parsed action: archive
[22-Oct-2025 08:16:32 Europe/Berlin] Received POST data (raw): journalID=9&actionType=archive&action=archive
[22-Oct-2025 08:16:32 Europe/Berlin] Parsed POST data: Array
(
    [journalID] => 9
    [actionType] => archive
    [action] => archive
)

[22-Oct-2025 08:17:00 Europe/Berlin] Received POST data (raw): journalID=1&actionType=archive&action=archive
[22-Oct-2025 08:17:00 Europe/Berlin] Content-Type: application/x-www-form-urlencoded
[22-Oct-2025 08:17:00 Europe/Berlin] Parsed action: archive
[22-Oct-2025 08:17:00 Europe/Berlin] Received POST data (raw): journalID=1&actionType=archive&action=archive
[22-Oct-2025 08:17:00 Europe/Berlin] Parsed POST data: Array
(
    [journalID] => 1
    [actionType] => archive
    [action] => archive
)

[22-Oct-2025 08:17:29 Europe/Berlin] Received POST data (raw): journalID=10&actionType=archive&action=archive
[22-Oct-2025 08:17:29 Europe/Berlin] Content-Type: application/x-www-form-urlencoded
[22-Oct-2025 08:17:29 Europe/Berlin] Parsed action: archive
[22-Oct-2025 08:17:29 Europe/Berlin] Received POST data (raw): journalID=10&actionType=archive&action=archive
[22-Oct-2025 08:17:29 Europe/Berlin] Parsed POST data: Array
(
    [journalID] => 10
    [actionType] => archive
    [action] => archive
)

[22-Oct-2025 08:17:32 Europe/Berlin] Received POST data (raw): journalID=15&actionType=archive&action=archive
[22-Oct-2025 08:17:32 Europe/Berlin] Content-Type: application/x-www-form-urlencoded
[22-Oct-2025 08:17:32 Europe/Berlin] Parsed action: archive
[22-Oct-2025 08:17:32 Europe/Berlin] Received POST data (raw): journalID=15&actionType=archive&action=archive
[22-Oct-2025 08:17:32 Europe/Berlin] Parsed POST data: Array
(
    [journalID] => 15
    [actionType] => archive
    [action] => archive
)

[22-Oct-2025 08:17:36 Europe/Berlin] Received POST data (raw): journalID=33&actionType=archive&action=archive
[22-Oct-2025 08:17:36 Europe/Berlin] Content-Type: application/x-www-form-urlencoded
[22-Oct-2025 08:17:36 Europe/Berlin] Parsed action: archive
[22-Oct-2025 08:17:36 Europe/Berlin] Received POST data (raw): journalID=33&actionType=archive&action=archive
[22-Oct-2025 08:17:36 Europe/Berlin] Parsed POST data: Array
(
    [journalID] => 33
    [actionType] => archive
    [action] => archive
)

[22-Oct-2025 08:21:10 Europe/Berlin] Received POST data (raw): journalID=32&action=post
[22-Oct-2025 08:21:10 Europe/Berlin] Content-Type: application/x-www-form-urlencoded
[22-Oct-2025 08:21:10 Europe/Berlin] Parsed action: post
[22-Oct-2025 08:22:24 Europe/Berlin] Received POST data (raw): journalID=32&actionType=archive&action=archive
[22-Oct-2025 08:22:24 Europe/Berlin] Content-Type: application/x-www-form-urlencoded
[22-Oct-2025 08:22:24 Europe/Berlin] Parsed action: archive
[22-Oct-2025 08:22:24 Europe/Berlin] Received POST data (raw): journalID=32&actionType=archive&action=archive
[22-Oct-2025 08:22:24 Europe/Berlin] Parsed POST data: Array
(
    [journalID] => 32
    [actionType] => archive
    [action] => archive
)

[22-Oct-2025 08:26:08 Europe/Berlin] Received POST data (raw): journalID=19&actionType=archive&action=archive
[22-Oct-2025 08:26:08 Europe/Berlin] Content-Type: application/x-www-form-urlencoded
[22-Oct-2025 08:26:08 Europe/Berlin] Parsed action: archive
[22-Oct-2025 08:26:08 Europe/Berlin] Received POST data (raw): journalID=19&actionType=archive&action=archive
[22-Oct-2025 08:26:08 Europe/Berlin] Parsed POST data: Array
(
    [journalID] => 19
    [actionType] => archive
    [action] => archive
)

[22-Oct-2025 08:26:29 Europe/Berlin] Received POST data (raw): journalID=18&actionType=archive&action=archive
[22-Oct-2025 08:26:29 Europe/Berlin] Content-Type: application/x-www-form-urlencoded
[22-Oct-2025 08:26:29 Europe/Berlin] Parsed action: archive
[22-Oct-2025 08:26:29 Europe/Berlin] Received POST data (raw): journalID=18&actionType=archive&action=archive
[22-Oct-2025 08:26:29 Europe/Berlin] Parsed POST data: Array
(
    [journalID] => 18
    [actionType] => archive
    [action] => archive
)

[22-Oct-2025 08:26:32 Europe/Berlin] Received POST data (raw): journalID=31&actionType=archive&action=archive
[22-Oct-2025 08:26:32 Europe/Berlin] Content-Type: application/x-www-form-urlencoded
[22-Oct-2025 08:26:32 Europe/Berlin] Parsed action: archive
[22-Oct-2025 08:26:32 Europe/Berlin] Received POST data (raw): journalID=31&actionType=archive&action=archive
[22-Oct-2025 08:26:32 Europe/Berlin] Parsed POST data: Array
(
    [journalID] => 31
    [actionType] => archive
    [action] => archive
)

[22-Oct-2025 08:26:44 Europe/Berlin] Received POST data (raw): {"date":"2025-10-22","description":"gagag","referenceType":"gasga","details":[{"accountID":"10","debit":1,"credit":0},{"accountID":"8","debit":0,"credit":1}],"journalID":null,"action":"add"}
[22-Oct-2025 08:26:44 Europe/Berlin] Content-Type: application/json
[22-Oct-2025 08:26:44 Europe/Berlin] Parsed action: add
[22-Oct-2025 08:27:12 Europe/Berlin] Received POST data (raw): journalID=34&actionType=archive&action=archive
[22-Oct-2025 08:27:12 Europe/Berlin] Content-Type: application/x-www-form-urlencoded
[22-Oct-2025 08:27:12 Europe/Berlin] Parsed action: archive
[22-Oct-2025 08:27:12 Europe/Berlin] Received POST data (raw): journalID=34&actionType=archive&action=archive
[22-Oct-2025 08:27:12 Europe/Berlin] Parsed POST data: Array
(
    [journalID] => 34
    [actionType] => archive
    [action] => archive
)

[22-Oct-2025 08:27:32 Europe/Berlin] Received POST data (raw): journalID=7&action=post
[22-Oct-2025 08:27:32 Europe/Berlin] Content-Type: application/x-www-form-urlencoded
[22-Oct-2025 08:27:32 Europe/Berlin] Parsed action: post
[22-Oct-2025 08:48:27 Europe/Berlin] Received POST data (raw): journalID=17&action=post
[22-Oct-2025 08:48:27 Europe/Berlin] Content-Type: application/x-www-form-urlencoded
[22-Oct-2025 08:48:27 Europe/Berlin] Parsed action: post
[22-Oct-2025 08:48:30 Europe/Berlin] Received POST data (raw): journalID=17&actionType=archive&action=archive
[22-Oct-2025 08:48:30 Europe/Berlin] Content-Type: application/x-www-form-urlencoded
[22-Oct-2025 08:48:30 Europe/Berlin] Parsed action: archive
[22-Oct-2025 08:48:30 Europe/Berlin] Received POST data (raw): journalID=17&actionType=archive&action=archive
[22-Oct-2025 08:48:30 Europe/Berlin] Parsed POST data: Array
(
    [journalID] => 17
    [actionType] => archive
    [action] => archive
)

[22-Oct-2025 08:48:39 Europe/Berlin] Received POST data (raw): journalID=16&actionType=archive&action=archive
[22-Oct-2025 08:48:39 Europe/Berlin] Content-Type: application/x-www-form-urlencoded
[22-Oct-2025 08:48:39 Europe/Berlin] Parsed action: archive
[22-Oct-2025 08:48:39 Europe/Berlin] Received POST data (raw): journalID=16&actionType=archive&action=archive
[22-Oct-2025 08:48:39 Europe/Berlin] Parsed POST data: Array
(
    [journalID] => 16
    [actionType] => archive
    [action] => archive
)

[22-Oct-2025 08:48:44 Europe/Berlin] Received POST data (raw): journalID=14&actionType=archive&action=archive
[22-Oct-2025 08:48:44 Europe/Berlin] Content-Type: application/x-www-form-urlencoded
[22-Oct-2025 08:48:44 Europe/Berlin] Parsed action: archive
[22-Oct-2025 08:48:44 Europe/Berlin] Received POST data (raw): journalID=14&actionType=archive&action=archive
[22-Oct-2025 08:48:44 Europe/Berlin] Parsed POST data: Array
(
    [journalID] => 14
    [actionType] => archive
    [action] => archive
)

[22-Oct-2025 09:02:40 Europe/Berlin] PHP Warning:  Undefined array key "date" in C:\xampp\htdocs\FINANCIALs\crud\legder\details.php on line 19
[22-Oct-2025 09:02:40 Europe/Berlin] PHP Warning:  Undefined array key "date" in C:\xampp\htdocs\FINANCIALs\crud\legder\details.php on line 20
[22-Oct-2025 09:03:31 Europe/Berlin] PHP Warning:  Undefined array key "date" in C:\xampp\htdocs\FINANCIALs\crud\legder\details.php on line 19
[22-Oct-2025 09:03:31 Europe/Berlin] PHP Warning:  Undefined array key "date" in C:\xampp\htdocs\FINANCIALs\crud\legder\details.php on line 20
[22-Oct-2025 09:12:39 Europe/Berlin] Received POST data (raw): {"date":"2025-10-22","description":"gagaag","referenceType":" gaag","details":[{"accountID":"8","debit":2,"credit":0},{"accountID":"16","debit":0,"credit":2}],"journalID":null,"action":"add"}
[22-Oct-2025 09:12:39 Europe/Berlin] Content-Type: application/json
[22-Oct-2025 09:12:39 Europe/Berlin] Parsed action: add
[22-Oct-2025 09:12:48 Europe/Berlin] Received POST data (raw): journalID=12&action=post
[22-Oct-2025 09:12:48 Europe/Berlin] Content-Type: application/x-www-form-urlencoded
[22-Oct-2025 09:12:48 Europe/Berlin] Parsed action: post
[22-Oct-2025 09:12:54 Europe/Berlin] Received POST data (raw): journalID=35&actionType=archive&action=archive
[22-Oct-2025 09:12:54 Europe/Berlin] Content-Type: application/x-www-form-urlencoded
[22-Oct-2025 09:12:54 Europe/Berlin] Parsed action: archive
[22-Oct-2025 09:12:54 Europe/Berlin] Received POST data (raw): journalID=35&actionType=archive&action=archive
[22-Oct-2025 09:12:54 Europe/Berlin] Parsed POST data: Array
(
    [journalID] => 35
    [actionType] => archive
    [action] => archive
)

[22-Oct-2025 09:14:28 Europe/Berlin] Received POST data (raw): journalID=8&action=post
[22-Oct-2025 09:14:28 Europe/Berlin] Content-Type: application/x-www-form-urlencoded
[22-Oct-2025 09:14:28 Europe/Berlin] Parsed action: post
[22-Oct-2025 09:14:33 Europe/Berlin] Received POST data (raw): journalID=4&action=post
[22-Oct-2025 09:14:33 Europe/Berlin] Content-Type: application/x-www-form-urlencoded
[22-Oct-2025 09:14:33 Europe/Berlin] Parsed action: post
[22-Oct-2025 09:14:35 Europe/Berlin] Received POST data (raw): journalID=3&action=post
[22-Oct-2025 09:14:35 Europe/Berlin] Content-Type: application/x-www-form-urlencoded
[22-Oct-2025 09:14:35 Europe/Berlin] Parsed action: post
[22-Oct-2025 11:17:48 Europe/Berlin] Received POST data (raw): journalID=38&action=post
[22-Oct-2025 11:17:48 Europe/Berlin] Content-Type: application/x-www-form-urlencoded
[22-Oct-2025 11:17:48 Europe/Berlin] Parsed action: post
[22-Oct-2025 11:31:11 Europe/Berlin] Received POST data (raw): journalID=40&action=post
[22-Oct-2025 11:31:11 Europe/Berlin] Content-Type: application/x-www-form-urlencoded
[22-Oct-2025 11:31:11 Europe/Berlin] Parsed action: post
[22-Oct-2025 13:33:18 Europe/Berlin] Received POST data (raw): journalID=41&action=post
[22-Oct-2025 13:33:18 Europe/Berlin] Content-Type: application/x-www-form-urlencoded
[22-Oct-2025 13:33:18 Europe/Berlin] Parsed action: post
[22-Oct-2025 13:34:22 Europe/Berlin] Received POST data (raw): journalID=42&action=post
[22-Oct-2025 13:34:22 Europe/Berlin] Content-Type: application/x-www-form-urlencoded
[22-Oct-2025 13:34:22 Europe/Berlin] Parsed action: post
[22-Oct-2025 14:48:06 Europe/Berlin] Received POST data (raw): journalID=43&action=post
[22-Oct-2025 14:48:06 Europe/Berlin] Content-Type: application/x-www-form-urlencoded
[22-Oct-2025 14:48:06 Europe/Berlin] Parsed action: post
