[2025-09-20 16:32:56] IP:::1 STATUS:500 URI:/financial/api/request.php?action=get_allocations&dept=Logistic1 MSG:DB connection failed
[2025-09-20 16:32:56] IP:::1 STATUS:500 URI:/financial/api/request.php?action=get_requests&dept=Logistic1 MSG:DB connection failed
[2025-09-20 16:33:33] IP:::1 STATUS:500 URI:/financial/api/request.php?action=get_allocations&dept=Logistic1 MSG:DB connection failed
[2025-09-20 16:33:33] IP:::1 STATUS:500 URI:/financial/api/request.php?action=get_requests&dept=Logistic1 MSG:DB connection failed
[2025-09-20 16:34:06] IP:::1 STATUS:500 URI:/financial/api/request.php?action=get_allocations&dept=Logistic1 MSG:DB connection failed
[2025-09-20 16:34:06] IP:::1 STATUS:500 URI:/financial/api/request.php?action=get_requests&dept=Logistic1 MSG:DB connection failed
[2025-09-20 16:41:28] IP:::1 STATUS:401 URI:/financial/api/request.php?action=get_allocations&dept=Logistic1 MSG:Invalid API key
[2025-09-20 16:41:28] IP:::1 STATUS:401 URI:/financial/api/request.php?action=get_requests&dept=Logistic1 MSG:Invalid API key
[2025-09-20 16:57:23] IP:::1 STATUS:500 URI:/financial/api/request.php?action=get_allocations&dept=Logistic1 MSG:DB error: SQLSTATE[HY000] [1045] Access denied for user 'fina_finances'@'localhost' (using password: YES)
[2025-09-20 16:57:23] IP:::1 STATUS:500 URI:/financial/api/request.php?action=get_requests&dept=Logistic1 MSG:DB error: SQLSTATE[HY000] [1045] Access denied for user 'fina_finances'@'localhost' (using password: YES)
[2025-09-20 17:00:20] IP:::1 STATUS:500 URI:/financial/api/request.php?action=get_allocations&dept=Logistic1 MSG:DB error: SQLSTATE[HY000] [1045] Access denied for user 'fina_finances'@'localhost' (using password: YES)
[2025-09-20 17:00:20] IP:::1 STATUS:500 URI:/financial/api/request.php?action=get_requests&dept=Logistic1 MSG:DB error: SQLSTATE[HY000] [1045] Access denied for user 'fina_finances'@'localhost' (using password: YES)
[2025-09-21 18:30:16] IP:::1 STATUS:500 URI:/financial/api/request.php?action=get_allocations&dept=HR3 MSG:DB error: SQLSTATE[HY000] [1045] Access denied for user 'fina_finances'@'localhost' (using password: YES)
[2025-09-21 18:30:25] IP:::1 STATUS:500 URI:/financial/api/request.php?action=get_allocations&dept=HR3 MSG:DB error: SQLSTATE[HY000] [1045] Access denied for user 'fina_finances'@'localhost' (using password: YES)
[2025-10-25 04:53:03] IP:::1 STATUS:500 URI:/FINANCIALs/api/request.php?action=get_allocations&dept=Logistic2 MSG:DB error: SQLSTATE[HY000] [1045] Access denied for user 'fina_finances'@'localhost' (using password: YES)
[2025-10-25 05:14:42] IP:::1 STATUS:500 URI:/FINANCIALs/api/request.php?action=get_allocations&dept=Logistic2 MSG:DB error: SQLSTATE[HY000] [1045] Access denied for user 'fina_finances'@'localhost' (using password: YES)
[2025-10-25 19:00:37] IP:::1 STATUS:500 URI:/FINANCIALs/api/request.php?action=get_allocations&dept=Logistic2 MSG:DB error: SQLSTATE[HY000] [1045] Access denied for user 'fina_finances'@'localhost' (using password: YES)
[2025-10-25 19:24:53] IP:::1 STATUS:500 URI:/FINANCIALs/api/request.php?action=get_allocations&dept=Logistic2 MSG:DB error: SQLSTATE[HY000] [1045] Access denied for user 'fina_finances'@'localhost' (using password: YES)
[2025-10-25 19:25:57] IP:::1 STATUS:500 URI:/FINANCIALs/api/request.php?action=get_allocations&dept=Logistic2 MSG:DB error: SQLSTATE[HY000] [1045] Access denied for user 'fina_finances'@'localhost' (using password: YES)
[2025-10-25 19:26:02] IP:::1 STATUS:500 URI:/FINANCIALs/api/request.php?action=get_allocations&dept=Logistic2 MSG:DB error: SQLSTATE[HY000] [1045] Access denied for user 'fina_finances'@'localhost' (using password: YES)
